aktaaaaaaa
blubbbbbbb
cmvccccccc
dnwddddddd
enxeeeeeee
foyfffffff
gpzggggggg
hqzhhhhhhh
irziiiiiii
jszjjjjjjj
